[25/08/2026  9:40:38] [INFO] Iniciando TMS Breton... 
[25/08/2026  9:40:38] [INFO] Python detectado: 3.14.7 
[25/08/2026  9:40:38] [INFO] Atualizando pip... 
[25/08/2026  9:40:43] [INFO] Instalando dependencias... 
[25/08/2026  9:40:44] [OK] Dependencias atualizadas. 
[25/08/2026  9:40:44] [INFO] Aplicando migracoes... 
[25/08/2026  9:40:50] [OK] Migracoes aplicadas. 
[25/08/2026  9:49:39] [INFO] Iniciando TMS Breton... 
[25/08/2026  9:49:39] [INFO] Python detectado: 3.14.7 
[25/08/2026  9:49:39] [INFO] Atualizando pip... 
[25/08/2026  9:49:40] [INFO] Instalando dependencias... 
[25/08/2026  9:49:41] [OK] Dependencias atualizadas. 
[25/08/2026  9:49:41] [INFO] Aplicando migracoes... 
[25/08/2026  9:49:45] [OK] Migracoes aplicadas. 
[25/08/2026  9:50:07] [INFO] Iniciando TMS Breton... 
[25/08/2026  9:50:07] [INFO] Python detectado: 3.14.7 
[25/08/2026  9:50:07] [INFO] Atualizando pip... 
[25/08/2026  9:50:08] [INFO] Instalando dependencias... 
[25/08/2026  9:50:09] [OK] Dependencias atualizadas. 
[25/08/2026  9:50:09] [INFO] Aplicando migracoes... 
[25/08/2026  9:50:14] [OK] Migracoes aplicadas. 
[25/08/2026 10:04:18] [INFO] Iniciando TMS Breton... 
[25/08/2026 10:04:18] [INFO] Python detectado: 3.14.7 
[25/08/2026 10:04:18] [INFO] Atualizando pip... 
[25/08/2026 10:04:19] [INFO] Instalando dependencias... 
[25/08/2026 10:04:20] [OK] Dependencias atualizadas. 
[25/08/2026 10:04:20] [INFO] Aplicando migracoes... 
[25/08/2026 10:04:25] [OK] Migracoes aplicadas. 
